<html>
<body>
<pre>
<h1>µVision Build Log</h1>
<h2>Tool Versions:</h2>
IDE-Version: ¦ÌVision V5.31.0.0
Copyright (C) 2020 ARM Ltd and ARM Germany GmbH. All rights reserved.
License Information: 1317379456@qq.com 1317379456@qq.com, 1317379456@qq.com, LIC=HN0AE-540JS-KPVZY-I56BS-TG59Y-IT7VW
 
Tool Versions:
Toolchain:       MDK-ARM Plus  Version: 5.31.0.0
Toolchain Path:  E:\Keil\ARM\ARMCC\Bin
C Compiler:      Armcc.exe V5.06 update 6 (build 750)
Assembler:       Armasm.exe V5.06 update 6 (build 750)
Linker/Locator:  ArmLink.exe V5.06 update 6 (build 750)
Library Manager: ArmAr.exe V5.06 update 6 (build 750)
Hex Converter:   FromElf.exe V5.06 update 6 (build 750)
CPU DLL:         SARMCM3.DLL V5.31.0.0
Dialog DLL:      DCM.DLL V1.17.3.0
Target DLL:      STLink\ST-LINKIII-KEIL_SWO.dll V3.0.7.0
Dialog DLL:      TCM.DLL V1.46.0.0
 
<h2>Project:</h2>
E:\GitHub_d\TI_MedicineCar-R\C3-2Lun(Car3) - 750\MDK-ARM\03-LCD_Test.uvprojx
Project File Date:  11/12/2021

<h2>Output:</h2>
*** Using Compiler 'V5.06 update 6 (build 750)', folder: 'E:\Keil\ARM\ARMCC\Bin'
Build target '03-LCD_Test'
compiling GoRoom.c...
..\Function\GoRoom.h(14): warning:  #1-D: last line of file ends without a newline
  #endif
..\Function\GoRoom.c(21): warning:  #68-D: integer conversion resulted in a change of sign
  	if(HAL_GPIO_ReadPin(RE2_GPIO_Port,RE5_Pin)==1)	{SP_differential =-10;Res_n+=1;}	//ÓÒÆ«	
..\Function\GoRoom.c(22): warning:  #68-D: integer conversion resulted in a change of sign
  	if(HAL_GPIO_ReadPin(RE1_GPIO_Port,RE6_Pin)==1)	{SP_differential =-20;Res_n+=1;}		//ÓÒÆ«ÏÞ
..\Function\GoRoom.c(89): warning:  #1-D: last line of file ends without a newline
  }
..\Function\GoRoom.c: 4 warnings, 0 errors
linking...
Program Size: Code=41098 RO-data=32802 RW-data=264 ZI-data=4824  
FromELF: creating hex file...
".\03-LCD_Test_0_96\03-LCD_Test_0_96.axf" - 0 Error(s), 4 Warning(s).

<h2>Software Packages used:</h2>

Package Vendor: ARM
                http://www.keil.com/pack/ARM.CMSIS.5.7.0.pack
                ARM.CMSIS.5.7.0
                CMSIS (Cortex Microcontroller Software Interface Standard)
   * Component: CORE Version: 5.4.0

Package Vendor: Keil
                http://www.keil.com/pack/Keil.STM32H7xx_DFP.2.7.0.pack
                Keil.STM32H7xx_DFP.2.7.0
                STMicroelectronics STM32H7 Series Device Support and Examples

<h2>Collection of Component include folders:</h2>
  .\RTE\_03-LCD_Test
  E:\Keil\Pack\ARM\CMSIS\5.7.0\CMSIS\Core\Include
  E:\Keil\Pack\Keil\STM32H7xx_DFP\2.7.0\Drivers\CMSIS\Device\ST\STM32H7xx\Include

<h2>Collection of Component Files used:</h2>

   * Component: ARM::CMSIS:CORE:5.4.0
Build Time Elapsed:  00:00:13
</pre>
</body>
</html>
